1585614286
1585614354
1585614850
1585614855
1585614877
1585614881
1585614884
1585614888
1585614894
1585614902
1585614907
1585615103
1585615104
1585615104
1585615104
1585615104
1585615104
1585615104
1585615104
1585615104
1585615104
1585615104
1585615104
1585615104
1585615104
1585615104
1585615104
1585615104
1585615104
1585615104
1585615105
1585615105
1585615105
1585615105
1585615105
1585615105
1585615105
1585615105
1585615105
1585615105
1585615105
1585615105
1585615105
1585615105
1585615105
1585615105
1585615105
1585615105
1585615105
1585615105
1585615106
1585615106
1585615106
1585615106
1585615106
1585615106
1585615106
1585615106
1585615106
1585615106
1585615106
1585615106
1585615106
1585615106
1585615106
1585615106
1585615106
1585615106
1585615106
1585615106
1585615107
1585615107
1585615107
1585615107
1585615107
1585615107
1585615107
1585615107
1585615107
1585615107
1585615107
1585615107
1585615107
1585615107
1585615107
1585615107
1585615107
1585615107
1585615107
1585615107
1585615108
1585615108
1585615108
1585615108
1585615108
1585615108
1585615108
1585615108
1585615108
1585615108
1585615108
1585615108
1585615108
1585615108
1585615108
1585615108
1585615108
1585615108
1585615108
1585615108
1585615109
1585615109
1585615109
1585615109
1585615109
1585615109
1585615109
1585615109
1585615109
1585615109
1585615109
1585615109
1585615109
1585615109
1585615109
1585615109
1585615109
1585615109
1585615109
1585615109
1585615110
1585615110
1585615110
1585615110
1585615123
1585615124
1585615124
1585615124
1585615124
1585615124
1585615124
1585615124
1585615124
1585615124
1585615124
1585615124
1585615124
1585615124
1585615124
1585615124
1585615124
1585615124
1585615125
1585615125
1585615125
1585615125
1585615125
1585615125
1585615125
1585615125
1585615125
1585615125
1585615125
1585615125
1585615125
1585615125
1585615125
1585615125
1585615125
1585615125
1585615125
1585615126
1585615126
1585615126
1585615126
1585615126
1585615126
1585615126
1585615126
1585615126
1585615126
1585615126
1585615126
1585615126
1585615126
1585615126
1585615126
1585615126
1585615126
1585615126
1585615126
1585615127
1585615127
1585615127
1585615127
1585615127
1585615127
1585615127
1585615127
1585615127
1585615127
1585615127
1585615127
1585615127
1585615127
1585615127
1585615127
1585615127
1585615127
1585615127
1585615127
1585615128
1585615128
1585615128
1585615128
1585615128
1585615128
1585615128
1585615128
1585615128
1585615128
1585615128
1585615128
1585615128
1585615128
1585615128
1585615128
1585615128
1585615128
1585615128
1585615128
1585615129
1585615129
1585615129
1585615129
1585615129
1585615129
1585615129
1585615129
1585615129
1585615129
1585615129
1585615129
1585615129
1585615129
1585615129
1585615129
1585615129
1585615129
1585615129
1585615129
1585615130
1585615130
1585615130
1585615130
1585615130
1585615130
1585615130
1585615130
1585615130
1585615130
1585615130
1585615130
1585615130
1585615130
1585615130
1585615130
1585615130
1585615130
1585615130
1585615130
1585615131
1585615131
1585615131
1585615131
1585615131
1585615131
1585615131
1585615131
1585615131
1585615131
1585615131
1585615131
1585615131
1585615131
1585615131
1585615131
1585615131
1585615131
1585615131
1585615131
1585615132
1585615132
1585615132
1585615132
1585615132
1585615132
1585615132
1585615132
1585615132
1585615132
1585615132
1585615132
1585615132
1585615132
1585615132
1585615132
1585615132
1585615132
1585615132
1585615132
1585615133
1585615133
1585615133
1585615133
1585615146
1585615146
1585615146
1585615146
1585615146
1585615146
1585615146
1585615146
1585615147
1585615147
1585615147
1585615147
1585615147
1585615147
1585615147
1585615147
1585615147
1585615147
1585615147
1585615147
1585615147
1585615147
1585615147
1585615147
1585615147
1585615147
1585615147
1585615148
1585615148
1585615148
1585615148
1585615148
1585615148
1585615148
1585615148
1585615148
1585615148
1585615148
1585615148
1585615148
1585615148
1585615148
1585615148
1585615148
1585615148
1585615148
1585615148
1585615149
1585615149
1585615149
1585615149
1585615149
1585615149
1585615149
1585615149
1585615149
1585615149
1585615149
1585615149
1585615149
1585615149
1585615149
1585615149
1585615149
1585615149
1585615149
1585615149
1585615150
1585615150
1585615150
1585615150
1585615150
1585615150
1585615150
1585615150
1585615150
1585615150
1585615150
1585615150
1585615150
1585615150
1585615150
1585615150
1585615150
1585615150
1585615150
1585615150
1585615151
1585615151
1585615151
1585615151
1585615151
1585615151
1585615151
1585615151
1585615151
1585615151
1585615151
1585615151
1585615151
1585615151
1585615151
1585615151
1585615151
1585615151
1585615151
1585615151
1585615152
1585615152
1585615152
1585615152
1585615152
1585615152
1585615152
1585615152
1585615152
1585615152
1585615152
1585615152
1585615152
1585615152
1585615152
1585615152
1585615152
1585615152
1585615152
1585615152
1585615153
1585615153
1585615153
1585615153
1585615153
1585615153
1585615153
1585615153
1585615153
1585615153
1585615153
1585615153
1585615153
1585615153
1585615153
1585615153
1585615153
1585615153
1585615153
1585615153
1585615154
1585615154
1585615154
1585615154
1585615154
1585615154
1585615154
1585615154
1585615154
1585615154
1585615154
1585615154
1585615154
1585615154
1585615154
1585615154
1585615154
1585615154
1585615154
1585615154
1585615155
1585615155
1585615155
1585615155
1585615155
1585615155
1585615155
1585615155
1585615155
1585615155
1585615155
1585615155
1585615155
1585615155
1585615155
1585615155
1585615155
1585615155
1585615155
1585615155
1585615156
1585615156
1585615156
1585615156
1585615156
1585615156
1585615156
1585615156
1585615156
1585615156
1585615156
1585615156
1585615156
1585615156
1585615156
1585615156
1585615156
1585615156
1585615156
1585615157
1585615157
1585615157
1585615157
1585615157
1585615157
1585615157
1585615157
1585615157
1585615157
1585615157
1585615157
1585615157
1585615157
1585615157
1585615157
1585615157
1585615157
1585615157
1585667263
1585676838
1585678721
1585742368
1585769692
1585769692
1585769760
1585769780
1585770151
1585770168
1585770689
1585770703
1585770703
1585770704
1585770704
1585770704
1585770704
1585770704
1585770704
1585770704
1585770704
1585770704
1585770704
1585770704
1585770704
1585770704
1585770704
1585770705
1585770705
1585770705
1585770705
1585770705
1585770705
1585770705
1585770705
1585770705
1585770705
1585770705
1585770705
1585770705
1585770705
1585770705
1585770705
1585770705
1585770705
1585770705
1585770705
1585770706
1585770706
1585770706
1585770706
1585770706
1585770706
1585770706
1585770706
1585770706
1585770706
1585770706
1585770706
1585770706
1585770706
1585770706
1585770706
1585770706
1585770706
1585770706
1585770706
1585770707
1585770707
1585770707
1585770707
1585770707
1585770707
1585770707
1585770707
1585770707
1585770707
1585770707
1585770707
1585770707
1585770707
1585770707
1585770707
1585770707
1585770707
1585770707
1585770707
1585770708
1585770708
1585770708
1585770708
1585770708
1585770708
1585770708
1585770708
1585770708
1585770708
1585770708
1585770708
1585770708
1585770708
1585770708
1585770708
1585770708
1585770708
1585770708
1585770708
1585770709
1585770709
1585770709
1585770709
1585770709
1585770709
1585770709
1585770709
1585770709
1585770709
1585770709
1585770709
1585770709
1585770709
1585770709
1585770709
1585770709
1585770709
1585770709
1585770709
1585770710
1585770710
1585770710
1585770710
1585770710
1585770710
1585770710
1585770710
1585770710
1585770710
1585770710
1585770710
1585770710
1585770710
1585770710
1585770710
1585770710
1585770710
1585770710
1585770710
1585770711
1585770711
1585770711
1585770711
1585770711
1585770711
1585770711
1585770711
1585770711
1585770711
1585770711
1585770711
1585770711
1585770711
1585770711
1585770711
1585770711
1585770711
1585770711
1585770711
1585770712
1585770712
1585770712
1585770712
1585770712
1585770712
1585770712
1585770712
1585770712
1585770712
1585770712
1585770712
1585770712
1585770712
1585770712
1585770712
1585770712
1585770712
1585770712
1585770712
1585770713
1585770713
1585770713
1585770713
1585770713
1585770713
1585770713
1585770713
1585770713
1585770713
1585770713
1585770713
1585770713
1585770713
1585770713
1585770713
1585770713
1585770713
1585770713
1585770714
1585770714
1585770714
1585770714
1585770714
1585770714
1585770714
1585770714
1585770714
1585770714
1585770714
1585770714
1585770714
1585770714
1585770714
1585770714
1585770714
1585770714
1585770714
1585770714
1585770715
1585770715
1585770715
1585770715
1585770715
1585770715
1585770715
1585770715
1585770715
1585770715
1585770715
1585770715
1585770715
1585770715
1585770715
1585770715
1585770715
1585770715
1585770715
1585770715
1585770716
1585770716
1585770716
1585770716
1585770716
1585770716
1585770716
1585770716
1585770716
1585770716
1585770716
1585770716
1585770716
1585770716
1585770716
1585770716
1585770716
1585770716
1585770716
1585770716
1585770717
1585770717
1585770717
1585770717
1585770717
1585770717
1585770717
1585770717
1585770717
1585770717
1585770717
1585770717
1585770717
1585770717
1585770717
1585770717
1585770717
1585770717
1585770717
1585770717
1585770718
1585770718
1585770718
1585770718
1585770718
1585770718
1585770718
1585770718
1585770718
1585770718
1585770718
1585770718
1585770718
1585770718
1585770718
1585770718
1585770718
1585770718
1585770718
1585770718
1585770719
1585770719
1585770719
1585770719
1585770719
1585770719
1585770719
1585770719
1585770719
1585770719
1585770719
1585770719
1585770719
1585770719
1585770719
1585770719
1585770719
1585770719
1585770719
1585770719
1585770720
1585770720
1585770720
1585770720
1585770720
1585770720
1585770720
1585770720
1585770720
1585770720
1585770720
1585770720
1585770720
1585770720
1585770720
1585770720
1585770720
1585770720
1585770720
1585770720
1585770721
1585770721
1585770721
1585770721
1585770721
1585770721
1585770721
1585770721
1585770721
1585770721
1585770721
1585770721
1585770721
1585770721
1585770721
1585770721
1585770721
1585770721
1585770721
1585770721
1585770722
1585770722
1585770722
1585770722
1585770722
1585770722
1585770722
1585770722
1585770722
1585770722
1585770722
1585770722
1585770722
1585770722
1585770722
1585770722
1585770722
1585770722
1585770722
1585770722
1585770723
1585770723
1585770723
1585770723
1585770723
1585770723
1585770723
1585770723
1585770723
1585770723
1585770723
1585770723
1585770723
1585770723
1585770723
1585770723
1585770723
1585770723
1585770723
1585770723
1585770724
1585770724
1585770724
1585770724
1585770724
1585770724
1585770724
1585770724
1585770724
1585770724
1585770724
1585770724
1585770724
1585770724
1585770724
1585770724
1585770724
1585770724
1585770724
1585770725
1585770725
1585770725
1585770725
1585770725
1585770725
1585770725
1585770725
1585770725
1585770725
1585770725
1585770725
1585770725
1585770725
1585770725
1585770725
1585770725
1585770725
1585770725
1585770725
1585770726
1585770726
1585770726
1585770726
1585770726
1585770726
1585770726
1585770726
1585770726
1585770726
1585770726
1585770726
1585770726
1585770726
1585770726
1585770726
1585770726
1585770726
1585770726
1585770726
1585770727
1585770727
1585770727
1585770727
1585770727
1585770727
1585770727
1585770727
1585770727
1585770727
1585770727
1585770727
1585770727
1585770727
1585770727
1585770727
1585770727
1585770727
1585770727
1585770727
1585770728
1585770728
1585770728
1585770728
1585770728
1585770728
1585770728
1585770728
1585770728
1585770728
1585770728
1585770728
1585770728
1585770728
1585770728
1585770728
1585770728
1585770728
1585770728
1585770728
1585770729
1585770729
1585770729
1585770729
1585770729
1585770729
1585770729
1585770729
1585770729
1585770729
1585770729
1585770729
1585770729
1585770729
1585770729
1585770729
1585770729
1585770729
1585770729
1585770729
1585770730
1585770730
1585770730
1585770730
1585770730
1585770730
1585770730
1585770730
1585770730
1585770730
1585770730
1585770730
1585770730
1585770730
1585770730
1585770730
1585770730
1585770730
1585770730
1585770730
1585770731
1585770731
1585770731
1585770731
1585770731
1585770731
1585770731
1585770731
1585770731
1585770731
1585770731
1585770731
1585770731
1585770731
1585770731
1585770731
1585770731
1585770731
1585770731
1585770731
1585770732
1585770732
1585770732
1585770732
1585770732
1585770732
1585770732
1585770732
1585770732
1585770732
1585770732
1585770732
1585770732
1585770732
1585770732
1585770732
1585770732
1585770732
1585770732
1585770732
1585770733
1585770733
1585770733
1585770733
1585770733
1585770733
1585770733
1585770733
1585770733
1585770733
1585770733
1585770733
1585770733
1585770733
1585770733
1585770733
1585770733
1585770733
1585770733
1585770734
1585770734
1585770734
1585770734
1585770734
1585770734
1585770734
1585770734
1585770734
1585770734
1585770734
1585770734
1585770734
1585770734
1585770734
1585770734
1585770734
1585770734
1585770734
1585770734
1585770734
1585770735
1585770735
1585770735
1585770735
1585770735
1585770735
1585770735
1585770735
1585770735
1585770735
1585770735
1585770735
1585770735
1585770735
1585770735
1585770735
1585770735
1585770735
1585770735
1585770736
1585770736
1585770736
1585770736
1585770736
1585770736
1585770736
1585770736
1585770736
1585770736
1585770736
1585770736
1585770736
1585770736
1585770736
1585770736
1585770736
1585770736
1585770736
1585770736
1585770737
1585770737
1585770737
1585770737
1585770737
1585770737
1585770737
1585770737
1585770737
1585770737
1585770737
1585770737
1585770737
1585770737
1585770737
1585770737
1585770737
1585770737
1585770737
1585770737
1585770738
1585770738
1585770738
1585770738
1585770738
1585770738
1585770738
1585770738
1585770738
1585770738
1585770738
1585770738
1585770738
1585770738
1585770738
1585770738
1585770738
1585770738
1585770738
1585770738
1585770739
1585770739
1585770739
1585770739
1585770739
1585770739
1585770739
1585770739
1585770739
1585770739
1585770739
1585770739
1585770739
1585771847
1585771850
1585771850
1585771850
1585771851
1585771851
1585771851
1585771851
1585771851
1585771851
1585771851
1585771851
1585771851
1585771851
1585771851
1585771851
1585771851
1585771851
1585771851
1585771851
1585771851
1585771851
1585771852
1585771852
1585771852
1585771852
1585771852
1585771852
1585771852
1585771852
1585771852
1585771852
1585771852
1585771852
1585771852
1585771852
1585771852
1585771852
1585771852
1585771852
1585771852
1585771852
1585771853
1585771853
1585771853
1585771853
1585771853
1585771853
1585771853
1585771853
1585771853
1585771853
1585771853
1585771853
1585771853
1585771853
1585771853
1585771853
1585771853
1585771853
1585771853
1585771853
1585771854
1585771854
1585771854
1585771854
1585771854
1585771854
1585771854
1585771854
1585771854
1585771854
1585771854
1585771854
1585771854
1585771854
1585771854
1585771854
1585771854
1585771854
1585771854
1585771854
1585771855
1585771855
1585771855
1585771855
1585771855
1585771855
1585771864
1585771865
1585771865
1585771865
1585771865
1585771865
1585771865
1585771865
1585771865
1585771865
1585771865
1585771866
1585771866
1585771866
1585771866
1585771866
1585771866
1585771866
1585771866
1585771866
1585771866
1585771866
1585771866
1585771866
1585771866
1585771866
1585771866
1585771866
1585771866
1585771866
1585771866
1585771867
1585771896
1585771896
1585771896
1585771896
1585771896
1585771896
1585771896
1585771896
1585771897
1585771897
1585771897
1585771897
1585771897
1585771897
1585771897
1585771897
1585771897
1585771897
1585771897
1585771897
1585771897
1585771897
1585771898
1585771899
1585771899
1585771899
1585771900
1585771900
1585771901
1585771901
1585771901
1585771901
1585771902
1585771902
1585771902
1585771902
1585771902
1585771903
1585771903
1585771903
1585771903
1585771903
1585771903
1585771903
1585771903
1585771903
1585771903
1585771903
1585771903
1585771903
1585771903
1585771903
1585771903
1585771903
1585771903
1585771903
1585771912
1585771912
1585771912
1585771912
1585771912
1585771912
1585771912
1585771912
1585771912
1585771913
1585771913
1585771913
1585771913
1585771913
1585771913
1585771914
1585771914
1585771930
1585771930
1585771931
1585771931
1585771931
1585771932
1585771932
1585771932
1585771933
1585771933
1585771933
1585771933
1585771934
1585771934
1585771934
1585771934
1585771935
1585772373
1585772374
1585772380
1585772380
1585772380
1585772380
1585772380
1585772381
1585772381
1585772381
1585772382
1585772382
1585772383
1585772383
1585772383
1585772384
1585772384
1585772384
1585772384
1585772385
1585772385
1585772385
1585772385
1585772385
1585772385
1585772385
1585772385
1585772385
1585772385
1585772385
1585772385
1585772385
1585772385
1585772401
1585772401
1585772402
1585772402
1585772402
1585772402
1585772403
1585772403
1585772403
1585772403
1585772403
1585772403
1585772403
1585772403
1585772403
1585772403
1585772403
1585772403
1585772403
1585772403
1585772403
1585772403
1585772403
1585772403
1585772403
1585772404
1585772404
1585772404
1585772404
1585772404
1585772404
1585772404
1585772404
1585772404
1585772404
1585772404
1585772404
1585772404
1585773011
1585773012
1585773021
1585773050
1585773051
1585773055
1585773057
1585773059
1585773061
1585773061
